2026-09-30T01:05:27.881+02:00  WARN 13513 --- [BudgetManager] [HikariPool-1:housekeeper] com.zaxxer.hikari.pool.HikariPool        : HikariPool-1 - Thread starvation or clock leap detected (housekeeper delta=1h15m2s113ms).
2026-09-30T02:07:59.070+02:00  WARN 13513 --- [BudgetManager] [HikariPool-1:housekeeper] com.zaxxer.hikari.pool.HikariPool        : HikariPool-1 - Thread starvation or clock leap detected (housekeeper delta=1h2m31s189ms).
2026-09-30T03:44:06.249+02:00  WARN 13513 --- [BudgetManager] [HikariPool-1:housekeeper] com.zaxxer.hikari.pool.HikariPool        : HikariPool-1 - Thread starvation or clock leap detected (housekeeper delta=1h36m7s179ms).
2026-09-30T05:18:30.431+02:00  WARN 13513 --- [BudgetManager] [HikariPool-1:housekeeper] com.zaxxer.hikari.pool.HikariPool        : HikariPool-1 - Thread starvation or clock leap detected (housekeeper delta=1h34m24s182ms).
2026-09-30T06:18:05.985+02:00  WARN 13513 --- [BudgetManager] [HikariPool-1:housekeeper] com.zaxxer.hikari.pool.HikariPool        : HikariPool-1 - Thread starvation or clock leap detected (housekeeper delta=59m35s554ms).
2026-09-30T06:43:49.477+02:00  WARN 13513 --- [BudgetManager] [HikariPool-1:housekeeper] com.zaxxer.hikari.pool.HikariPool        : HikariPool-1 - Thread starvation or clock leap detected (housekeeper delta=25m43s492ms).
2026-09-30T06:47:55.585+02:00  WARN 13513 --- [BudgetManager] [HikariPool-1:housekeeper] com.zaxxer.hikari.pool.HikariPool        : HikariPool-1 - Thread starvation or clock leap detected (housekeeper delta=4m6s108ms).
2026-09-30T06:53:14.494+02:00  WARN 13513 --- [BudgetManager] [HikariPool-1:housekeeper] com.zaxxer.hikari.pool.HikariPool        : HikariPool-1 - Thread starvation or clock leap detected (housekeeper delta=5m18s909ms).
2026-09-30T07:05:35.060+02:00  WARN 13513 --- [BudgetManager] [HikariPool-1:housekeeper] com.zaxxer.hikari.pool.HikariPool        : HikariPool-1 - Thread starvation or clock leap detected (housekeeper delta=12m20s566ms).
2026-09-30T07:21:44.781+02:00  WARN 13513 --- [BudgetManager] [HikariPool-1:housekeeper] com.zaxxer.hikari.pool.HikariPool        : HikariPool-1 - Thread starvation or clock leap detected (housekeeper delta=16m9s721ms).
2026-09-30T07:28:28.186+02:00  WARN 13513 --- [BudgetManager] [HikariPool-1:housekeeper] com.zaxxer.hikari.pool.HikariPool        : HikariPool-1 - Thread starvation or clock leap detected (housekeeper delta=6m43s405ms).
2026-09-30T07:32:09.310+02:00  WARN 13513 --- [BudgetManager] [HikariPool-1:housekeeper] com.zaxxer.hikari.pool.HikariPool        : HikariPool-1 - Thread starvation or clock leap detected (housekeeper delta=3m41s124ms).
2026-09-30T07:46:41.811+02:00  WARN 13513 --- [BudgetManager] [HikariPool-1:housekeeper] com.zaxxer.hikari.pool.HikariPool        : HikariPool-1 - Thread starvation or clock leap detected (housekeeper delta=14m32s500ms).
2026-09-30T07:53:15.920+02:00  WARN 13513 --- [BudgetManager] [HikariPool-1:housekeeper] com.zaxxer.hikari.pool.HikariPool        : HikariPool-1 - Thread starvation or clock leap detected (housekeeper delta=6m34s110ms).
2026-09-30T08:11:43.435+02:00  WARN 13513 --- [BudgetManager] [HikariPool-1:housekeeper] com.zaxxer.hikari.pool.HikariPool        : HikariPool-1 - Thread starvation or clock leap detected (housekeeper delta=18m27s515ms).
2026-09-30T08:19:31.360+02:00  WARN 13513 --- [BudgetManager] [HikariPool-1:housekeeper] com.zaxxer.hikari.pool.HikariPool        : HikariPool-1 - Thread starvation or clock leap detected (housekeeper delta=7m47s925ms).
2026-09-30T08:21:38.745+02:00  WARN 13513 --- [BudgetManager] [HikariPool-1:housekeeper] com.zaxxer.hikari.pool.HikariPool        : HikariPool-1 - Thread starvation or clock leap detected (housekeeper delta=2m7s385ms).
2026-09-30T08:23:10.654+02:00  WARN 13513 --- [BudgetManager] [HikariPool-1:housekeeper] com.zaxxer.hikari.pool.HikariPool        : HikariPool-1 - Thread starvation or clock leap detected (housekeeper delta=57s474ms).
2026-09-30T08:50:05.815+02:00  WARN 13513 --- [BudgetManager] [HikariPool-1:housekeeper] com.zaxxer.hikari.pool.HikariPool        : HikariPool-1 - Thread starvation or clock leap detected (housekeeper delta=26m55s161ms).
2026-09-30T08:51:26.868+02:00  WARN 13513 --- [BudgetManager] [HikariPool-1:housekeeper] com.zaxxer.hikari.pool.HikariPool        : HikariPool-1 - Thread starvation or clock leap detected (housekeeper delta=1m21s53ms).
2026-09-30T08:52:36.001+02:00  WARN 13513 --- [BudgetManager] [HikariPool-1:housekeeper] com.zaxxer.hikari.pool.HikariPool        : HikariPool-1 - Thread starvation or clock leap detected (housekeeper delta=1m9s133ms).
2026-09-30T08:56:18.678+02:00  WARN 13513 --- [BudgetManager] [HikariPool-1:housekeeper] com.zaxxer.hikari.pool.HikariPool        : HikariPool-1 - Thread starvation or clock leap detected (housekeeper delta=3m42s677ms).
2026-09-30T09:01:37.222+02:00  WARN 13513 --- [BudgetManager] [HikariPool-1:housekeeper] com.zaxxer.hikari.pool.HikariPool        : HikariPool-1 - Thread starvation or clock leap detected (housekeeper delta=5m18s544ms).
2026-09-30T09:09:22.973+02:00  WARN 13513 --- [BudgetManager] [HikariPool-1:housekeeper] com.zaxxer.hikari.pool.HikariPool        : HikariPool-1 - Thread starvation or clock leap detected (housekeeper delta=7m4s971ms).
2026-09-30T09:12:17.228+02:00  WARN 13513 --- [BudgetManager] [HikariPool-1:housekeeper] com.zaxxer.hikari.pool.HikariPool        : HikariPool-1 - Thread starvation or clock leap detected (housekeeper delta=2m54s255ms).
2026-09-30T09:16:20.617+02:00  WARN 13513 --- [BudgetManager] [HikariPool-1:housekeeper] com.zaxxer.hikari.pool.HikariPool        : HikariPool-1 - Thread starvation or clock leap detected (housekeeper delta=4m3s389ms).
2026-09-30T09:19:45.063+02:00  WARN 13513 --- [BudgetManager] [HikariPool-1:housekeeper] com.zaxxer.hikari.pool.HikariPool        : HikariPool-1 - Thread starvation or clock leap detected (housekeeper delta=3m24s446ms).
2026-09-30T09:22:53.112+02:00  WARN 13513 --- [BudgetManager] [HikariPool-1:housekeeper] com.zaxxer.hikari.pool.HikariPool        : HikariPool-1 - Thread starvation or clock leap detected (housekeeper delta=3m8s49ms).
2026-09-30T09:32:19.311+02:00  WARN 13513 --- [BudgetManager] [HikariPool-1:housekeeper] com.zaxxer.hikari.pool.HikariPool        : HikariPool-1 - Thread starvation or clock leap detected (housekeeper delta=9m26s199ms).
2026-09-30T09:48:34.592+02:00  WARN 13513 --- [BudgetManager] [HikariPool-1:housekeeper] com.zaxxer.hikari.pool.HikariPool        : HikariPool-1 - Thread starvation or clock leap detected (housekeeper delta=16m15s281ms).
2026-09-30T09:57:31.497+02:00  WARN 13513 --- [BudgetManager] [HikariPool-1:housekeeper] com.zaxxer.hikari.pool.HikariPool        : HikariPool-1 - Thread starvation or clock leap detected (housekeeper delta=8m56s905ms).
2026-09-30T10:14:04.646+02:00  WARN 13513 --- [BudgetManager] [HikariPool-1:housekeeper] com.zaxxer.hikari.pool.HikariPool        : HikariPool-1 - Thread starvation or clock leap detected (housekeeper delta=16m33s149ms).
2026-09-30T10:15:15.646+02:00  WARN 13513 --- [BudgetManager] [HikariPool-1:housekeeper] com.zaxxer.hikari.pool.HikariPool        : HikariPool-1 - Thread starvation or clock leap detected (housekeeper delta=1m11s).
2026-09-30T10:16:20.030+02:00  WARN 13513 --- [BudgetManager] [HikariPool-1:housekeeper] com.zaxxer.hikari.pool.HikariPool        : HikariPool-1 - Thread starvation or clock leap detected (housekeeper delta=1m4s384ms).
2026-09-30T10:19:08.697+02:00  WARN 13513 --- [BudgetManager] [HikariPool-1:housekeeper] com.zaxxer.hikari.pool.HikariPool        : HikariPool-1 - Thread starvation or clock leap detected (housekeeper delta=2m48s667ms).
2026-09-30T10:46:48.605+02:00  WARN 13513 --- [BudgetManager] [HikariPool-1:housekeeper] com.zaxxer.hikari.pool.HikariPool        : HikariPool-1 - Thread starvation or clock leap detected (housekeeper delta=27m39s908ms).
2026-09-30T10:53:45.217+02:00  WARN 13513 --- [BudgetManager] [HikariPool-1:housekeeper] com.zaxxer.hikari.pool.HikariPool        : HikariPool-1 - Thread starvation or clock leap detected (housekeeper delta=6m56s612ms).
2026-09-30T10:59:32.019+02:00  WARN 13513 --- [BudgetManager] [HikariPool-1:housekeeper] com.zaxxer.hikari.pool.HikariPool        : HikariPool-1 - Thread starvation or clock leap detected (housekeeper delta=5m46s802ms).
2026-09-30T11:11:21.307+02:00  WARN 13513 --- [BudgetManager] [HikariPool-1:housekeeper] com.zaxxer.hikari.pool.HikariPool        : HikariPool-1 - Thread starvation or clock leap detected (housekeeper delta=11m49s288ms).
2026-09-30T11:17:23.006+02:00  WARN 13513 --- [BudgetManager] [HikariPool-1:housekeeper] com.zaxxer.hikari.pool.HikariPool        : HikariPool-1 - Thread starvation or clock leap detected (housekeeper delta=6m1s699ms).
2026-09-30T11:27:12.885+02:00  WARN 13513 --- [BudgetManager] [HikariPool-1:housekeeper] com.zaxxer.hikari.pool.HikariPool        : HikariPool-1 - Thread starvation or clock leap detected (housekeeper delta=9m49s879ms).
2026-09-30T11:33:55.829+02:00  WARN 13513 --- [BudgetManager] [HikariPool-1:housekeeper] com.zaxxer.hikari.pool.HikariPool        : HikariPool-1 - Thread starvation or clock leap detected (housekeeper delta=5m59s442ms).
2026-09-30T11:35:56.599+02:00  WARN 13513 --- [BudgetManager] [HikariPool-1:housekeeper] com.zaxxer.hikari.pool.HikariPool        : HikariPool-1 - Thread starvation or clock leap detected (housekeeper delta=2m770ms).
2026-09-30T11:36:58.384+02:00  WARN 13513 --- [BudgetManager] [HikariPool-1:housekeeper] com.zaxxer.hikari.pool.HikariPool        : HikariPool-1 - Thread starvation or clock leap detected (housekeeper delta=1m1s785ms).
2026-09-30T11:51:44.237+02:00  WARN 13513 --- [BudgetManager] [HikariPool-1:housekeeper] com.zaxxer.hikari.pool.HikariPool        : HikariPool-1 - Thread starvation or clock leap detected (housekeeper delta=14m45s853ms).
2026-09-30T11:53:14.704+02:00  WARN 13513 --- [BudgetManager] [HikariPool-1:housekeeper] com.zaxxer.hikari.pool.HikariPool        : HikariPool-1 - Thread starvation or clock leap detected (housekeeper delta=1m30s467ms).
2026-09-30T11:54:45.945+02:00  WARN 13513 --- [BudgetManager] [HikariPool-1:housekeeper] com.zaxxer.hikari.pool.HikariPool        : HikariPool-1 - Thread starvation or clock leap detected (housekeeper delta=1m31s241ms).
2026-09-30T11:55:51.414+02:00  WARN 13513 --- [BudgetManager] [HikariPool-1:housekeeper] com.zaxxer.hikari.pool.HikariPool        : HikariPool-1 - Thread starvation or clock leap detected (housekeeper delta=1m5s469ms).
2026-09-30T12:11:32.727+02:00  WARN 13513 --- [BudgetManager] [HikariPool-1:housekeeper] com.zaxxer.hikari.pool.HikariPool        : HikariPool-1 - Thread starvation or clock leap detected (housekeeper delta=15m41s313ms).
2026-09-30T12:28:06.798+02:00  WARN 13513 --- [BudgetManager] [HikariPool-1:housekeeper] com.zaxxer.hikari.pool.HikariPool        : HikariPool-1 - Thread starvation or clock leap detected (housekeeper delta=16m34s71ms).
2026-09-30T12:32:55.677+02:00  WARN 13513 --- [BudgetManager] [HikariPool-1:housekeeper] com.zaxxer.hikari.pool.HikariPool        : HikariPool-1 - Thread starvation or clock leap detected (housekeeper delta=4m48s879ms).
2026-09-30T12:34:38.750+02:00  WARN 13513 --- [BudgetManager] [HikariPool-1:housekeeper] com.zaxxer.hikari.pool.HikariPool        : HikariPool-1 - Thread starvation or clock leap detected (housekeeper delta=1m43s73ms).
2026-09-30T13:00:26.881+02:00  WARN 13513 --- [BudgetManager] [HikariPool-1:housekeeper] com.zaxxer.hikari.pool.HikariPool        : HikariPool-1 - Thread starvation or clock leap detected (housekeeper delta=25m48s131ms).
2026-09-30T13:06:12.535+02:00  WARN 13513 --- [BudgetManager] [HikariPool-1:housekeeper] com.zaxxer.hikari.pool.HikariPool        : HikariPool-1 - Thread starvation or clock leap detected (housekeeper delta=5m45s654ms).
2026-09-30T13:17:21.215+02:00  WARN 13513 --- [BudgetManager] [HikariPool-1:housekeeper] com.zaxxer.hikari.pool.HikariPool        : HikariPool-1 - Thread starvation or clock leap detected (housekeeper delta=11m8s680ms).
2026-09-30T13:27:54.191+02:00  WARN 13513 --- [BudgetManager] [HikariPool-1:housekeeper] com.zaxxer.hikari.pool.HikariPool        : HikariPool-1 - Thread starvation or clock leap detected (housekeeper delta=10m32s976ms).
2026-09-30T13:40:32.824+02:00  WARN 13513 --- [BudgetManager] [HikariPool-1:housekeeper] com.zaxxer.hikari.pool.HikariPool        : HikariPool-1 - Thread starvation or clock leap detected (housekeeper delta=12m38s633ms).
2026-09-30T13:48:19.980+02:00  WARN 13513 --- [BudgetManager] [HikariPool-1:housekeeper] com.zaxxer.hikari.pool.HikariPool        : HikariPool-1 - Thread starvation or clock leap detected (housekeeper delta=7m47s156ms).
2026-09-30T13:50:13.830+02:00  WARN 13513 --- [BudgetManager] [HikariPool-1:housekeeper] com.zaxxer.hikari.pool.HikariPool        : HikariPool-1 - Thread starvation or clock leap detected (housekeeper delta=1m23s848ms).
2026-09-30T13:51:48.704+02:00  WARN 13513 --- [BudgetManager] [HikariPool-1:housekeeper] com.zaxxer.hikari.pool.HikariPool        : HikariPool-1 - Thread starvation or clock leap detected (housekeeper delta=1m34s874ms).
2026-09-30T14:02:19.532+02:00  WARN 13513 --- [BudgetManager] [HikariPool-1:housekeeper] com.zaxxer.hikari.pool.HikariPool        : HikariPool-1 - Thread starvation or clock leap detected (housekeeper delta=10m30s828ms).
2026-09-30T14:03:26.224+02:00  WARN 13513 --- [BudgetManager] [HikariPool-1:housekeeper] com.zaxxer.hikari.pool.HikariPool        : HikariPool-1 - Thread starvation or clock leap detected (housekeeper delta=1m6s692ms).
2026-09-30T14:24:17.206+02:00  WARN 13513 --- [BudgetManager] [HikariPool-1:housekeeper] com.zaxxer.hikari.pool.HikariPool        : HikariPool-1 - Thread starvation or clock leap detected (housekeeper delta=20m50s982ms).
2026-09-30T14:41:45.737+02:00  WARN 13513 --- [BudgetManager] [HikariPool-1:housekeeper] com.zaxxer.hikari.pool.HikariPool        : HikariPool-1 - Thread starvation or clock leap detected (housekeeper delta=17m28s531ms).
2026-09-30T14:47:49.769+02:00  WARN 13513 --- [BudgetManager] [HikariPool-1:housekeeper] com.zaxxer.hikari.pool.HikariPool        : HikariPool-1 - Thread starvation or clock leap detected (housekeeper delta=6m4s32ms).
2026-09-30T14:56:35.788+02:00  WARN 13513 --- [BudgetManager] [HikariPool-1:housekeeper] com.zaxxer.hikari.pool.HikariPool        : HikariPool-1 - Thread starvation or clock leap detected (housekeeper delta=8m46s19ms).
2026-09-30T15:08:41.681+02:00  WARN 13513 --- [BudgetManager] [HikariPool-1:housekeeper] com.zaxxer.hikari.pool.HikariPool        : HikariPool-1 - Thread starvation or clock leap detected (housekeeper delta=12m5s893ms).
2026-09-30T15:32:25.300+02:00  WARN 13513 --- [BudgetManager] [HikariPool-1:housekeeper] com.zaxxer.hikari.pool.HikariPool        : HikariPool-1 - Thread starvation or clock leap detected (housekeeper delta=23m43s619ms).
2026-09-30T15:58:08.320+02:00  WARN 13513 --- [BudgetManager] [HikariPool-1:housekeeper] com.zaxxer.hikari.pool.HikariPool        : HikariPool-1 - Thread starvation or clock leap detected (housekeeper delta=25m43s20ms).
2026-09-30T16:05:35.361+02:00  WARN 13513 --- [BudgetManager] [HikariPool-1:housekeeper] com.zaxxer.hikari.pool.HikariPool        : HikariPool-1 - Thread starvation or clock leap detected (housekeeper delta=7m27s41ms).
2026-09-30T16:06:21.550+02:00  WARN 13513 --- [BudgetManager] [HikariPool-1:housekeeper] com.zaxxer.hikari.pool.HikariPool        : HikariPool-1 - Thread starvation or clock leap detected (housekeeper delta=46s189ms).
2026-09-30T16:08:30.430+02:00  WARN 13513 --- [BudgetManager] [HikariPool-1:housekeeper] com.zaxxer.hikari.pool.HikariPool        : HikariPool-1 - Thread starvation or clock leap detected (housekeeper delta=1m24s252ms).
2026-09-30T16:20:04.874+02:00  WARN 13513 --- [BudgetManager] [HikariPool-1:housekeeper] com.zaxxer.hikari.pool.HikariPool        : HikariPool-1 - Thread starvation or clock leap detected (housekeeper delta=11m34s444ms).
2026-09-30T16:21:44.535+02:00  WARN 13513 --- [BudgetManager] [HikariPool-1:housekeeper] com.zaxxer.hikari.pool.HikariPool        : HikariPool-1 - Thread starvation or clock leap detected (housekeeper delta=1m39s661ms).
2026-09-30T16:35:28.629+02:00  WARN 13513 --- [BudgetManager] [HikariPool-1:housekeeper] com.zaxxer.hikari.pool.HikariPool        : HikariPool-1 - Thread starvation or clock leap detected (housekeeper delta=13m44s94ms).
2026-09-30T16:38:57.002+02:00  WARN 13513 --- [BudgetManager] [HikariPool-1:housekeeper] com.zaxxer.hikari.pool.HikariPool        : HikariPool-1 - Thread starvation or clock leap detected (housekeeper delta=2m51s326ms).
2026-09-30T16:40:33.412+02:00  WARN 13513 --- [BudgetManager] [HikariPool-1:housekeeper] com.zaxxer.hikari.pool.HikariPool        : HikariPool-1 - Thread starvation or clock leap detected (housekeeper delta=1m1s866ms).
2026-09-30T16:43:31.423+02:00  WARN 13513 --- [BudgetManager] [HikariPool-1:housekeeper] com.zaxxer.hikari.pool.HikariPool        : HikariPool-1 - Thread starvation or clock leap detected (housekeeper delta=2m58s11ms).
2026-09-30T16:46:06.570+02:00  WARN 13513 --- [BudgetManager] [HikariPool-1:housekeeper] com.zaxxer.hikari.pool.HikariPool        : HikariPool-1 - Thread starvation or clock leap detected (housekeeper delta=2m35s147ms).
2026-09-30T17:00:13.133+02:00  WARN 13513 --- [BudgetManager] [HikariPool-1:housekeeper] com.zaxxer.hikari.pool.HikariPool        : HikariPool-1 - Thread starvation or clock leap detected (housekeeper delta=14m6s563ms).
2026-09-30T17:10:58.301+02:00  WARN 13513 --- [BudgetManager] [HikariPool-1:housekeeper] com.zaxxer.hikari.pool.HikariPool        : HikariPool-1 - Thread starvation or clock leap detected (housekeeper delta=10m45s168ms).
2026-09-30T17:33:15.273+02:00  WARN 13513 --- [BudgetManager] [HikariPool-1:housekeeper] com.zaxxer.hikari.pool.HikariPool        : HikariPool-1 - Thread starvation or clock leap detected (housekeeper delta=22m16s971ms).
